// Jest Snapshot v1, https://goo.gl/fbAQLP

exports[`Number box component Render snapshot test of the numberBox component 1`] = `
.c0 {
  display: inline-block;
  width: 30%;
  height: 250px;
  border-style: solid;
  border-width: 3px;
  border-color: #333;
  border-radius: 10px;
  box-shadow: 2px 2px 10px #999;
  font-family: 'Helvetica Neue, Segoe, Verdana, sans-serif';
  margin: 1%;
  text-align: center;
  line-height: 250px;
  font-size: 72px;
  background: white;
}

.c0:hover {
  background: #FACACE;
  cursor: pointer;
}

.c0:active,
.c0:focus {
  background: #FAF8B1;
}

@media only screen and (max-width:768px) {
  .c0 {
    width: 46%;
  }
}

@media only screen and (max-width:600px) {
  .c0 {
    width: 98%;
    margin: 20px 0;
  }
}

<div
  className="c0"
  data-testid="displayNumber"
  onClick={[Function]}
>
  10
</div>
`;
