// Jest Snapshot v1, https://goo.gl/fbAQLP

exports[`Title Component Render snapshot test of the title component 1`] = `
.c0 {
  color: #333;
  font-size: 32px;
  font-family: 'Helvetica Neue, Segoe, Verdana, sans-serif';
}

<h1
  className="c0"
  data-testid="title"
>
  Snapshot title
</h1>
`;
